// Jest Snapshot v1, https://goo.gl/fbAQLP

exports[`matches snapshot. 1`] = `
<DocumentFragment>
  <div
    class="step-div"
  >
    <p
      class="step-number"
    >
      <b>
        1
      </b>
    </p>
    <p>
      Do the first step
    </p>
    <p>
      <b>
        Equipment Used:
      </b>
       mock equipment, other equipment 
    </p>
    <p>
      <b>
        Ingredients Used:
      </b>
       mock ingredient, other ingredient 
    </p>
  </div>
</DocumentFragment>
`;
