// Jest Snapshot v1, https://goo.gl/fbAQLP

exports[`matches snapshot 1`] = `
<DocumentFragment>
  <div
    class="App"
  >
    <div
      class="main-container d-flex h-100 flex-column"
    >
      <nav
        class="NavBar navbar navbar-expand-lg navbar-light"
      >
        <span
          class="NavBar-Brand navbar-brand"
        >
          <a
            aria-current="page"
            class="nav-link active"
            href="/healthyeater"
          >
            Healthy-Eater
            <img
              class="brand-img"
              height="28px"
              src="lettuce.png"
              width="28px"
            />
          </a>
        </span>
        <div
          class="NavBar-Container container"
        >
          <a
            class="nav-link signup "
            href="/signup"
          >
            Signup
          </a>
          <button
            class="general-btn mt-2"
          >
            Continue as Guest
          </button>
          <a
            class="nav-link login"
            href="/login"
          >
            Login
          </a>
        </div>
      </nav>
      <div
        class="Home"
      >
        <div
          class="row mt-3"
        >
          <div
            class="Home-div col-12"
          >
            <h1
              class="Home-h1"
            >
              Welcome to Healthy-Eater!
            </h1>
            <p
              class="Home-para"
            >
               You aren't logged in, 
              <a
                href="/login"
              >
                <b>
                  Login
                </b>
              </a>
               or 
              <a
                href="/signup"
              >
                <b>
                  Sign-up
                </b>
              </a>
               to access site
            </p>
            <p
              class="Home-para"
            >
              <b>
                Find Recipes:
              </b>
               Search for recipes based on ingredients and nutrients
            </p>
            <p
              class="Home-para"
            >
              <b>
                Saved Recipes:
              </b>
               View or delete your saved recipes
            </p>
            <p
              class="Home-para"
            >
              <b>
                Mealplan:
              </b>
               Create your mealplan using saved recipes
            </p>
            <p
              class="Home-para"
            >
              <b>
                Calculate Points:
              </b>
               Determine your weekly allotment of Weight Watcher Smart Points
            </p>
          </div>
        </div>
      </div>
    </div>
  </div>
</DocumentFragment>
`;
