// Jest Snapshot v1, https://goo.gl/fbAQLP

exports[`matches snapshot 1`] = `
<DocumentFragment>
  <div
    class="Home"
  >
    <div
      class="row mt-3"
    >
      <div
        class="Home-div col-12"
      >
        <h1>
          Welcome back Tyler!
        </h1>
        <p
          class="Home-para"
        >
          <b>
            Find Recipes:
          </b>
           Search for recipes based on ingredients and nutrients
        </p>
        <p
          class="Home-para"
        >
          <b>
            Saved Recipes:
          </b>
           View or delete your saved recipes
        </p>
        <p
          class="Home-para"
        >
          <b>
            Mealplan:
          </b>
           Create your mealplan using saved recipes
        </p>
        <p
          class="Home-para"
        >
          <b>
            Calculate Points:
          </b>
           Determine your weekly allotment of Weight Watcher Smart Points
        </p>
      </div>
    </div>
  </div>
</DocumentFragment>
`;
