// Jest Snapshot v1, https://goo.gl/fbAQLP

exports[`matches snapshot 1`] = `
<DocumentFragment>
  <div
    class="UserPoints"
  >
    <div
      class="UserPoints-div"
    >
      <h1>
        Find Your Daily Points!
      </h1>
      <form>
        <div
          class="UserPoints-calc-div"
        >
          <div>
            <label
              for="gender"
            >
              Gender
            </label>
          </div>
          <select
            id="gender"
            name="gender"
          >
            <option
              value="male"
            >
              Male
            </option>
            <option
              value="female"
            >
              Female
            </option>
          </select>
        </div>
        <div
          class="UserPoints-calc-div"
        >
          <div>
            <label
              for="age"
            >
              Age
            </label>
          </div>
          <input
            id="age"
            name="age"
            type="number"
            value=""
          />
        </div>
        <div
          class="UserPoints-calc-div"
        >
          <div>
            <label
              for="height"
            >
              Height (inches)
            </label>
          </div>
          <input
            id="height"
            name="height"
            type="number"
            value=""
          />
        </div>
        <div
          class="UserPoints-calc-div"
        >
          <div>
            <label
              for="weight"
            >
              Weight (lbs)
            </label>
          </div>
          <input
            id="weight"
            name="weight"
            type="number"
            value=""
          />
        </div>
        <div
          class="UserPoints-calc-div"
        >
          <div>
            <label
              for="PAL"
            >
              Physical Activity Level
            </label>
          </div>
          <select
            id="PAL"
            name="PAL"
          >
            <option
              value="0"
            >
              Very Low (Mostly sitting, little to no exercise)
            </option>
            <option
              value="2"
            >
              Low (Significant standing/walking, no rigorous exercise)
            </option>
            <option
              value="4"
            >
              Moderate (Light exercise multiple times per week)
            </option>
            <option
              value="6"
            >
              High (Rigorous exercise multiple times per week)
            </option>
          </select>
        </div>
        <button
          class="general-btn"
          type="submit"
        >
          Calculate Points
        </button>
      </form>
      <h4>
        Calculation used to determine weekly points allowance
      </h4>
      <h4>
        Based on Weight Watchers Smart Points System
      </h4>
    </div>
  </div>
</DocumentFragment>
`;
