// Jest Snapshot v1, https://goo.gl/fbAQLP

exports[`matches snapshot with blank ingredientList 1`] = `
<DocumentFragment>
  <form
    class="AddIngredient-Form"
  >
    <input
      class="test-input"
      id="ingredient"
      name="ingredient"
      placeholder="Enter Ingredient"
      role=""
      type="text"
      value=""
    />
    <button
      class="general-btn"
      type="submit"
    >
      Add Ingredient
    </button>
  </form>
</DocumentFragment>
`;

exports[`matches snapshot with filled ingredientList 1`] = `
<DocumentFragment>
  <form
    class="AddIngredient-Form"
  >
    <input
      class="test-input"
      id="ingredient"
      name="ingredient"
      placeholder="Enter Ingredient"
      role=""
      type="text"
      value=""
    />
    <button
      class="general-btn"
      type="submit"
    >
      Add Ingredient
    </button>
  </form>
</DocumentFragment>
`;
