// Jest Snapshot v1, https://goo.gl/fbAQLP

exports[`matches snapshot with blank ingredientList 1`] = `
<DocumentFragment>
  <div />
</DocumentFragment>
`;

exports[`matches snapshot with filled ingredientList 1`] = `
<DocumentFragment>
  <div>
    <div>
      cheese 
      <button
        class="delete-btn"
      >
        X
      </button>
    </div>
    <div>
      eggs 
      <button
        class="delete-btn"
      >
        X
      </button>
    </div>
  </div>
</DocumentFragment>
`;
