// Jest Snapshot v1, https://goo.gl/fbAQLP

exports[`matches snapshot 1`] = `
<DocumentFragment>
  <div
    class="RecipeList-div"
  >
    <a
      class="RecipeList-para"
      href="/1234/detail"
    >
      <b>
        Scrambled Eggs
      </b>
    </a>
    <p>
      Uses 2 of your ingredients ( eggs, otherIngredient )
    </p>
    <img
      alt="Picture of the recipe Scrambled Eggs"
      class="RecipeList-img"
      src="https://spoonacular.com/recipeImages/716426-312x231.jpg"
    />
  </div>
</DocumentFragment>
`;
