// Jest Snapshot v1, https://goo.gl/fbAQLP

exports[`matches snapshot on day with meals 1`] = `
<DocumentFragment>
  <div
    class="Day col-lg d-flex flex-column"
  >
    <p>
      <b>
        Mon
      </b>
    </p>
    <div
      class="list-container flex-grow-1"
    >
      <ol>
        <li>
           
          <a
            class="RecipeList-para"
            href="/recipes/1111"
          >
            <b>
              bacon
            </b>
          </a>
           (20 points)
          <button
            class="general-btn-red small-btn"
            data-testid="1"
          >
            X
          </button>
        </li>
        <li>
           
          <a
            class="RecipeList-para"
            href="/recipes/2222"
          >
            <b>
              eggs
            </b>
          </a>
           (10 points)
          <button
            class="general-btn-red small-btn"
            data-testid="2"
          >
            X
          </button>
        </li>
      </ol>
    </div>
    <p
      class="Day-points"
    >
      <b>
        Points:
      </b>
       30
    </p>
  </div>
</DocumentFragment>
`;

exports[`matches snapshot on day with no meals 1`] = `
<DocumentFragment>
  <div
    class="Day col-lg d-flex flex-column"
  >
    <p>
      <b>
        Wed
      </b>
    </p>
    <div
      class="list-container flex-grow-1"
    >
      <ol />
    </div>
  </div>
</DocumentFragment>
`;
