// Jest Snapshot v1, https://goo.gl/fbAQLP

exports[`matches snapshot 1`] = `
<DocumentFragment>
  <div
    class="MealPlanner-form"
  >
    <form>
      <label
        for="daySelect"
      >
        Select Day
      </label>
      <select
        class="mx-2"
        id="daySelect"
        name="daySelect"
      >
        <option
          value="Mon"
        >
          Mon
        </option>
        <option
          value="Tues"
        >
          Tues
        </option>
        <option
          value="Wed"
        >
          Wed
        </option>
        <option
          value="Thurs"
        >
          Thurs
        </option>
        <option
          value="Fri"
        >
          Fri
        </option>
        <option
          value="Sat"
        >
          Sat
        </option>
        <option
          value="Sun"
        >
          Sun
        </option>
      </select>
      <label
        for="mealSelect"
      >
        Select Meal
      </label>
      <select
        class="mx-2"
        id="mealSelect"
        name="mealSelect"
      >
        <option
          value="1111"
        >
          bacon
        </option>
        <option
          value="2222"
        >
          eggs
        </option>
        <option
          value="3333"
        >
          salad
        </option>
        <option
          value="4444"
        >
          bread
        </option>
      </select>
      <button
        class="general-btn m-2"
        type="submit"
      >
        Add to Calendar
      </button>
    </form>
  </div>
</DocumentFragment>
`;
